nohup: ignoring input
/truenas/home/yechezmi/MRI/src/dataset.py:145: UserWarning: ignoring empty (0-byte) file during discovery: /truenas/home/yechezmi/data/selected_npy/3411.npy
  warnings.warn(f"ignoring empty (0-byte) file during discovery: {full}")
/truenas/home/yechezmi/MRI/src/dataset.py:145: UserWarning: ignoring empty (0-byte) file during discovery: /truenas/home/yechezmi/data/selected_npy/A00038718.npy
  warnings.warn(f"ignoring empty (0-byte) file during discovery: {full}")
/truenas/home/yechezmi/MRI/src/dataset.py:145: UserWarning: ignoring empty (0-byte) file during discovery: /truenas/home/yechezmi/data/selected_npy/CorrSWU_25858.npy
  warnings.warn(f"ignoring empty (0-byte) file during discovery: {full}")
/truenas/home/yechezmi/MRI/src/dataset.py:145: UserWarning: ignoring empty (0-byte) file during discovery: /truenas/home/yechezmi/data/selected_npy/CorrUM_26183.npy
  warnings.warn(f"ignoring empty (0-byte) file during discovery: {full}")
/truenas/home/yechezmi/MRI/src/dataset.py:145: UserWarning: ignoring empty (0-byte) file during discovery: /truenas/home/yechezmi/data/selected_npy/NDARBV630BK6.npy
  warnings.warn(f"ignoring empty (0-byte) file during discovery: {full}")
/truenas/home/yechezmi/MRI/src/dataset.py:145: UserWarning: ignoring empty (0-byte) file during discovery: /truenas/home/yechezmi/data/selected_npy/sub84845.npy
  warnings.warn(f"ignoring empty (0-byte) file during discovery: {full}")
/truenas/home/yechezmi/MRI/src/dataset.py:229: UserWarning: cross-reference dropped 247/5242 metadata rows with no matching .npy on disk (expected, per the professor's update).
  warnings.warn(
/truenas/home/yechezmi/MRI/src/dataset.py:145: UserWarning: ignoring empty (0-byte) file during discovery: /truenas/home/yechezmi/data/selected_npy/3411.npy
  warnings.warn(f"ignoring empty (0-byte) file during discovery: {full}")
/truenas/home/yechezmi/MRI/src/dataset.py:145: UserWarning: ignoring empty (0-byte) file during discovery: /truenas/home/yechezmi/data/selected_npy/A00038718.npy
  warnings.warn(f"ignoring empty (0-byte) file during discovery: {full}")
/truenas/home/yechezmi/MRI/src/dataset.py:145: UserWarning: ignoring empty (0-byte) file during discovery: /truenas/home/yechezmi/data/selected_npy/CorrSWU_25858.npy
  warnings.warn(f"ignoring empty (0-byte) file during discovery: {full}")
/truenas/home/yechezmi/MRI/src/dataset.py:145: UserWarning: ignoring empty (0-byte) file during discovery: /truenas/home/yechezmi/data/selected_npy/CorrUM_26183.npy
  warnings.warn(f"ignoring empty (0-byte) file during discovery: {full}")
/truenas/home/yechezmi/MRI/src/dataset.py:145: UserWarning: ignoring empty (0-byte) file during discovery: /truenas/home/yechezmi/data/selected_npy/NDARBV630BK6.npy
  warnings.warn(f"ignoring empty (0-byte) file during discovery: {full}")
/truenas/home/yechezmi/MRI/src/dataset.py:145: UserWarning: ignoring empty (0-byte) file during discovery: /truenas/home/yechezmi/data/selected_npy/sub84845.npy
  warnings.warn(f"ignoring empty (0-byte) file during discovery: {full}")
/truenas/home/yechezmi/MRI/src/dataset.py:229: UserWarning: cross-reference dropped 247/5242 metadata rows with no matching .npy on disk (expected, per the professor's update).
  warnings.warn(
sweep: configs/experiments/structure_ablation.yaml
base: configs/default.yaml | runs: 4 | already complete: 27
results csv: ./results/runs.csv

[1/4] RUN   structure_ablation_15501928aa  model.name=admmnet_softthresh, model.share_weights=False, train.seed=0
run_id=structure_ablation_15501928aa | device=cuda | params=317,320 | trainable=True | sampling=29.7%
epoch   1/100 | train 0.413361 | val 0.022606 | val PSNR 26.05 *
epoch   2/100 | train 0.013540 | val 0.007129 | val PSNR 30.00 *
epoch   3/100 | train 0.005864 | val 0.004441 | val PSNR 32.02 *
epoch   4/100 | train 0.004208 | val 0.003296 | val PSNR 33.29 *
epoch   5/100 | train 0.004206 | val 0.005215 | val PSNR 31.26
epoch   6/100 | train 0.003727 | val 0.006782 | val PSNR 30.02
epoch   7/100 | train 0.006011 | val 0.003181 | val PSNR 33.29 *
epoch   8/100 | train 0.002985 | val 0.002592 | val PSNR 34.39 *
epoch   9/100 | train 0.002631 | val 0.002369 | val PSNR 35.20 *
epoch  10/100 | train 0.002301 | val 0.002148 | val PSNR 35.75 *
epoch  11/100 | train 0.002111 | val 0.001989 | val PSNR 36.40 *
epoch  12/100 | train 0.001970 | val 0.001879 | val PSNR 36.54 *
epoch  13/100 | train 0.002371 | val 0.001971 | val PSNR 36.36
epoch  14/100 | train 0.001856 | val 0.003060 | val PSNR 34.06
epoch  15/100 | train 0.002169 | val 0.001726 | val PSNR 37.18 *
epoch  16/100 | train 0.001671 | val 0.001536 | val PSNR 37.86 *
epoch  17/100 | train 0.001573 | val 0.001466 | val PSNR 38.13 *
epoch  18/100 | train 0.001494 | val 0.001440 | val PSNR 38.15 *
epoch  19/100 | train 0.001425 | val 0.001423 | val PSNR 38.45 *
epoch  20/100 | train 0.001352 | val 0.001333 | val PSNR 38.83 *
epoch  21/100 | train 0.001322 | val 0.001377 | val PSNR 38.62
epoch  22/100 | train 0.001268 | val 0.001255 | val PSNR 39.11 *
epoch  23/100 | train 0.001221 | val 0.001212 | val PSNR 39.28 *
epoch  24/100 | train 0.001174 | val 0.001210 | val PSNR 39.39 *
epoch  25/100 | train 0.001152 | val 0.001425 | val PSNR 38.48
epoch  26/100 | train 0.001129 | val 0.001080 | val PSNR 39.95 *
epoch  27/100 | train 0.001091 | val 0.001145 | val PSNR 39.50
epoch  28/100 | train 0.001089 | val 0.001096 | val PSNR 40.02
epoch  29/100 | train 0.001057 | val 0.001177 | val PSNR 39.50
epoch  30/100 | train 0.001050 | val 0.001025 | val PSNR 40.28 *
epoch  31/100 | train 0.001024 | val 0.001093 | val PSNR 40.04
epoch  32/100 | train 0.001006 | val 0.001048 | val PSNR 40.20
epoch  33/100 | train 0.000997 | val 0.001014 | val PSNR 40.31 *
epoch  34/100 | train 0.000977 | val 0.001055 | val PSNR 40.00
epoch  35/100 | train 0.000959 | val 0.001030 | val PSNR 40.30
epoch  36/100 | train 0.000956 | val 0.000984 | val PSNR 40.54 *
epoch  37/100 | train 0.000949 | val 0.001089 | val PSNR 40.04
epoch  38/100 | train 0.000940 | val 0.000934 | val PSNR 40.89 *
epoch  39/100 | train 0.000934 | val 0.001151 | val PSNR 39.77
epoch  40/100 | train 0.000916 | val 0.000977 | val PSNR 40.71
epoch  41/100 | train 0.000907 | val 0.001580 | val PSNR 37.81
epoch  42/100 | train 0.000906 | val 0.000923 | val PSNR 40.97 *
epoch  43/100 | train 0.000902 | val 0.000904 | val PSNR 41.13 *
epoch  44/100 | train 0.000881 | val 0.000950 | val PSNR 40.77
epoch  45/100 | train 0.000909 | val 0.000893 | val PSNR 41.17 *
epoch  46/100 | train 0.000870 | val 0.001054 | val PSNR 40.41
epoch  47/100 | train 0.000885 | val 0.000921 | val PSNR 41.04
epoch  48/100 | train 0.000861 | val 0.001015 | val PSNR 40.52
epoch  49/100 | train 0.000856 | val 0.000883 | val PSNR 41.18 *
epoch  50/100 | train 0.000854 | val 0.000909 | val PSNR 41.06
epoch  51/100 | train 0.000846 | val 0.000986 | val PSNR 40.71
epoch  52/100 | train 0.000843 | val 0.001123 | val PSNR 40.03
epoch  53/100 | train 0.000836 | val 0.000888 | val PSNR 41.26
epoch  54/100 | train 0.000832 | val 0.000866 | val PSNR 41.38 *
epoch  55/100 | train 0.000826 | val 0.000849 | val PSNR 41.41 *
epoch  56/100 | train 0.000823 | val 0.000938 | val PSNR 40.75
epoch  57/100 | train 0.000821 | val 0.001081 | val PSNR 40.20
epoch  58/100 | train 0.000810 | val 0.000902 | val PSNR 41.02
epoch  59/100 | train 0.000812 | val 0.000814 | val PSNR 41.76 *
epoch  60/100 | train 0.000806 | val 0.000825 | val PSNR 41.58
epoch  61/100 | train 0.000804 | val 0.000840 | val PSNR 41.52
epoch  62/100 | train 0.000797 | val 0.001299 | val PSNR 39.09
epoch  63/100 | train 0.000796 | val 0.000837 | val PSNR 41.64
epoch  64/100 | train 0.000795 | val 0.000853 | val PSNR 41.45
epoch  65/100 | train 0.000789 | val 0.000936 | val PSNR 40.64
epoch  66/100 | train 0.000780 | val 0.000851 | val PSNR 41.50
epoch  67/100 | train 0.000789 | val 0.001013 | val PSNR 40.45
epoch  68/100 | train 0.000782 | val 0.000816 | val PSNR 41.69
epoch  69/100 | train 0.000775 | val 0.001000 | val PSNR 40.72
epoch  70/100 | train 0.000782 | val 0.000974 | val PSNR 40.68
epoch  71/100 | train 0.000777 | val 0.000912 | val PSNR 41.06
epoch  72/100 | train 0.000784 | val 0.000816 | val PSNR 41.68
epoch  73/100 | train 0.000766 | val 0.000834 | val PSNR 41.49
epoch  74/100 | train 0.000768 | val 0.000868 | val PSNR 41.44
early stopping at epoch 74 (no val-loss improvement for 15 epochs)
/truenas/home/yechezmi/MRI/src/dataset.py:145: UserWarning: ignoring empty (0-byte) file during discovery: /truenas/home/yechezmi/data/selected_npy/3411.npy
  warnings.warn(f"ignoring empty (0-byte) file during discovery: {full}")
/truenas/home/yechezmi/MRI/src/dataset.py:145: UserWarning: ignoring empty (0-byte) file during discovery: /truenas/home/yechezmi/data/selected_npy/A00038718.npy
  warnings.warn(f"ignoring empty (0-byte) file during discovery: {full}")
/truenas/home/yechezmi/MRI/src/dataset.py:145: UserWarning: ignoring empty (0-byte) file during discovery: /truenas/home/yechezmi/data/selected_npy/CorrSWU_25858.npy
  warnings.warn(f"ignoring empty (0-byte) file during discovery: {full}")
/truenas/home/yechezmi/MRI/src/dataset.py:145: UserWarning: ignoring empty (0-byte) file during discovery: /truenas/home/yechezmi/data/selected_npy/CorrUM_26183.npy
  warnings.warn(f"ignoring empty (0-byte) file during discovery: {full}")
/truenas/home/yechezmi/MRI/src/dataset.py:145: UserWarning: ignoring empty (0-byte) file during discovery: /truenas/home/yechezmi/data/selected_npy/NDARBV630BK6.npy
  warnings.warn(f"ignoring empty (0-byte) file during discovery: {full}")
/truenas/home/yechezmi/MRI/src/dataset.py:145: UserWarning: ignoring empty (0-byte) file during discovery: /truenas/home/yechezmi/data/selected_npy/sub84845.npy
  warnings.warn(f"ignoring empty (0-byte) file during discovery: {full}")
/truenas/home/yechezmi/MRI/src/dataset.py:229: UserWarning: cross-reference dropped 247/5242 metadata rows with no matching .npy on disk (expected, per the professor's update).
  warnings.warn(
/truenas/home/yechezmi/MRI/src/dataset.py:145: UserWarning: ignoring empty (0-byte) file during discovery: /truenas/home/yechezmi/data/selected_npy/3411.npy
  warnings.warn(f"ignoring empty (0-byte) file during discovery: {full}")
/truenas/home/yechezmi/MRI/src/dataset.py:145: UserWarning: ignoring empty (0-byte) file during discovery: /truenas/home/yechezmi/data/selected_npy/A00038718.npy
  warnings.warn(f"ignoring empty (0-byte) file during discovery: {full}")
/truenas/home/yechezmi/MRI/src/dataset.py:145: UserWarning: ignoring empty (0-byte) file during discovery: /truenas/home/yechezmi/data/selected_npy/CorrSWU_25858.npy
  warnings.warn(f"ignoring empty (0-byte) file during discovery: {full}")
/truenas/home/yechezmi/MRI/src/dataset.py:145: UserWarning: ignoring empty (0-byte) file during discovery: /truenas/home/yechezmi/data/selected_npy/CorrUM_26183.npy
  warnings.warn(f"ignoring empty (0-byte) file during discovery: {full}")
/truenas/home/yechezmi/MRI/src/dataset.py:145: UserWarning: ignoring empty (0-byte) file during discovery: /truenas/home/yechezmi/data/selected_npy/NDARBV630BK6.npy
  warnings.warn(f"ignoring empty (0-byte) file during discovery: {full}")
/truenas/home/yechezmi/MRI/src/dataset.py:145: UserWarning: ignoring empty (0-byte) file during discovery: /truenas/home/yechezmi/data/selected_npy/sub84845.npy
  warnings.warn(f"ignoring empty (0-byte) file during discovery: {full}")
/truenas/home/yechezmi/MRI/src/dataset.py:229: UserWarning: cross-reference dropped 247/5242 metadata rows with no matching .npy on disk (expected, per the professor's update).
  warnings.warn(
DONE | test PSNR(real) 41.91 (zero-filled 21.61) | results -> ./results/structure_ablation_15501928aa
[2/4] RUN   structure_ablation_d1f5f6b907  model.name=admmnet_softthresh, model.share_weights=True, train.seed=0
run_id=structure_ablation_d1f5f6b907 | device=cuda | params=39,665 | trainable=True | sampling=29.7%
epoch   1/100 | train 0.440165 | val 0.110200 | val PSNR 17.76 *
epoch   2/100 | train 0.026080 | val 0.020799 | val PSNR 23.13 *
epoch   3/100 | train 0.014691 | val 0.020451 | val PSNR 25.02 *
epoch   4/100 | train 0.014420 | val 0.069095 | val PSNR 17.73
epoch   5/100 | train 0.011297 | val 0.020886 | val PSNR 24.02
epoch   6/100 | train 0.008889 | val 0.022531 | val PSNR 22.36
epoch   7/100 | train 0.006815 | val 0.034302 | val PSNR 20.99
epoch   8/100 | train 0.018279 | val 0.016909 | val PSNR 24.14 *
epoch   9/100 | train 0.012200 | val 0.016672 | val PSNR 24.33 *
epoch  10/100 | train 0.007273 | val 0.010930 | val PSNR 26.62 *
epoch  11/100 | train 0.005194 | val 0.010439 | val PSNR 26.93 *
epoch  12/100 | train 0.004412 | val 0.010827 | val PSNR 26.42
epoch  13/100 | train 0.003646 | val 0.010715 | val PSNR 26.94
epoch  14/100 | train 0.003321 | val 0.010327 | val PSNR 26.98 *
epoch  15/100 | train 0.002958 | val 0.010356 | val PSNR 26.84
epoch  16/100 | train 0.002699 | val 0.013147 | val PSNR 25.07
epoch  17/100 | train 0.002492 | val 0.010929 | val PSNR 26.17
epoch  18/100 | train 0.002268 | val 0.009156 | val PSNR 27.13 *
epoch  19/100 | train 0.002109 | val 0.009245 | val PSNR 27.10
epoch  20/100 | train 0.002005 | val 0.007940 | val PSNR 27.96 *
epoch  21/100 | train 0.001921 | val 0.008927 | val PSNR 27.14
epoch  22/100 | train 0.001852 | val 0.009167 | val PSNR 26.98
epoch  23/100 | train 0.001782 | val 0.010222 | val PSNR 26.40
epoch  24/100 | train 0.001737 | val 0.010625 | val PSNR 26.19
epoch  25/100 | train 0.001679 | val 0.010433 | val PSNR 26.51
epoch  26/100 | train 0.001631 | val 0.011539 | val PSNR 25.79
epoch  27/100 | train 0.001601 | val 0.012247 | val PSNR 25.41
epoch  28/100 | train 0.001576 | val 0.008838 | val PSNR 27.23
epoch  29/100 | train 0.001532 | val 0.009814 | val PSNR 26.89
epoch  30/100 | train 0.001528 | val 0.010342 | val PSNR 26.68
epoch  31/100 | train 0.001481 | val 0.010712 | val PSNR 26.64
epoch  32/100 | train 0.001459 | val 0.007270 | val PSNR 28.36 *
epoch  33/100 | train 0.001458 | val 0.014008 | val PSNR 25.28
epoch  34/100 | train 0.001551 | val 0.016582 | val PSNR 25.09
epoch  35/100 | train 0.001419 | val 0.009294 | val PSNR 26.89
epoch  36/100 | train 0.001536 | val 0.013718 | val PSNR 25.81
epoch  37/100 | train 0.001384 | val 0.031358 | val PSNR 22.62
epoch  38/100 | train 0.001382 | val 0.014289 | val PSNR 25.44
epoch  39/100 | train 0.001364 | val 0.039863 | val PSNR 21.67
epoch  40/100 | train 0.001350 | val 0.016362 | val PSNR 25.79
epoch  41/100 | train 0.001320 | val 0.009056 | val PSNR 27.92
epoch  42/100 | train 0.001302 | val 0.013515 | val PSNR 25.91
epoch  43/100 | train 0.001300 | val 0.012882 | val PSNR 26.83
epoch  44/100 | train 0.001329 | val 0.010465 | val PSNR 26.29
epoch  45/100 | train 0.001263 | val 0.021575 | val PSNR 24.88
epoch  46/100 | train 0.001248 | val 0.013374 | val PSNR 25.79
epoch  47/100 | train 0.001249 | val 0.011604 | val PSNR 26.49
early stopping at epoch 47 (no val-loss improvement for 15 epochs)
/truenas/home/yechezmi/MRI/src/dataset.py:145: UserWarning: ignoring empty (0-byte) file during discovery: /truenas/home/yechezmi/data/selected_npy/3411.npy
  warnings.warn(f"ignoring empty (0-byte) file during discovery: {full}")
/truenas/home/yechezmi/MRI/src/dataset.py:145: UserWarning: ignoring empty (0-byte) file during discovery: /truenas/home/yechezmi/data/selected_npy/A00038718.npy
  warnings.warn(f"ignoring empty (0-byte) file during discovery: {full}")
/truenas/home/yechezmi/MRI/src/dataset.py:145: UserWarning: ignoring empty (0-byte) file during discovery: /truenas/home/yechezmi/data/selected_npy/CorrSWU_25858.npy
  warnings.warn(f"ignoring empty (0-byte) file during discovery: {full}")
/truenas/home/yechezmi/MRI/src/dataset.py:145: UserWarning: ignoring empty (0-byte) file during discovery: /truenas/home/yechezmi/data/selected_npy/CorrUM_26183.npy
  warnings.warn(f"ignoring empty (0-byte) file during discovery: {full}")
/truenas/home/yechezmi/MRI/src/dataset.py:145: UserWarning: ignoring empty (0-byte) file during discovery: /truenas/home/yechezmi/data/selected_npy/NDARBV630BK6.npy
  warnings.warn(f"ignoring empty (0-byte) file during discovery: {full}")
/truenas/home/yechezmi/MRI/src/dataset.py:145: UserWarning: ignoring empty (0-byte) file during discovery: /truenas/home/yechezmi/data/selected_npy/sub84845.npy
  warnings.warn(f"ignoring empty (0-byte) file during discovery: {full}")
/truenas/home/yechezmi/MRI/src/dataset.py:229: UserWarning: cross-reference dropped 247/5242 metadata rows with no matching .npy on disk (expected, per the professor's update).
  warnings.warn(
/truenas/home/yechezmi/MRI/src/dataset.py:145: UserWarning: ignoring empty (0-byte) file during discovery: /truenas/home/yechezmi/data/selected_npy/3411.npy
  warnings.warn(f"ignoring empty (0-byte) file during discovery: {full}")
/truenas/home/yechezmi/MRI/src/dataset.py:145: UserWarning: ignoring empty (0-byte) file during discovery: /truenas/home/yechezmi/data/selected_npy/A00038718.npy
  warnings.warn(f"ignoring empty (0-byte) file during discovery: {full}")
/truenas/home/yechezmi/MRI/src/dataset.py:145: UserWarning: ignoring empty (0-byte) file during discovery: /truenas/home/yechezmi/data/selected_npy/CorrSWU_25858.npy
  warnings.warn(f"ignoring empty (0-byte) file during discovery: {full}")
/truenas/home/yechezmi/MRI/src/dataset.py:145: UserWarning: ignoring empty (0-byte) file during discovery: /truenas/home/yechezmi/data/selected_npy/CorrUM_26183.npy
  warnings.warn(f"ignoring empty (0-byte) file during discovery: {full}")
/truenas/home/yechezmi/MRI/src/dataset.py:145: UserWarning: ignoring empty (0-byte) file during discovery: /truenas/home/yechezmi/data/selected_npy/NDARBV630BK6.npy
  warnings.warn(f"ignoring empty (0-byte) file during discovery: {full}")
/truenas/home/yechezmi/MRI/src/dataset.py:145: UserWarning: ignoring empty (0-byte) file during discovery: /truenas/home/yechezmi/data/selected_npy/sub84845.npy
  warnings.warn(f"ignoring empty (0-byte) file during discovery: {full}")
/truenas/home/yechezmi/MRI/src/dataset.py:229: UserWarning: cross-reference dropped 247/5242 metadata rows with no matching .npy on disk (expected, per the professor's update).
  warnings.warn(
DONE | test PSNR(real) 28.45 (zero-filled 21.61) | results -> ./results/structure_ablation_d1f5f6b907
[3/4] RUN   structure_ablation_cf6fe5ff43  model.name=admmnet_pwl, model.share_weights=False, train.seed=0
run_id=structure_ablation_cf6fe5ff43 | device=cuda | params=368,520 | trainable=True | sampling=29.7%
epoch   1/100 | train 0.319714 | val 0.014306 | val PSNR 26.93 *
epoch   2/100 | train 0.008864 | val 0.005149 | val PSNR 31.26 *
epoch   3/100 | train 0.005111 | val 0.003653 | val PSNR 33.04 *
epoch   4/100 | train 0.003989 | val 0.005575 | val PSNR 30.57
epoch   5/100 | train 0.003307 | val 0.002460 | val PSNR 35.02 *
epoch   6/100 | train 0.003655 | val 0.007787 | val PSNR 30.02
epoch   7/100 | train 0.005527 | val 0.002605 | val PSNR 34.47
epoch   8/100 | train 0.003444 | val 0.007961 | val PSNR 29.07
epoch   9/100 | train 0.003532 | val 0.002381 | val PSNR 34.98 *
epoch  10/100 | train 0.002475 | val 0.002169 | val PSNR 35.50 *
epoch  11/100 | train 0.002203 | val 0.002139 | val PSNR 35.84 *
epoch  12/100 | train 0.001971 | val 0.002010 | val PSNR 36.07 *
epoch  13/100 | train 0.001926 | val 0.001949 | val PSNR 36.20 *
epoch  14/100 | train 0.001820 | val 0.001689 | val PSNR 37.04 *
epoch  15/100 | train 0.001827 | val 0.001702 | val PSNR 36.90
epoch  16/100 | train 0.001699 | val 0.001740 | val PSNR 36.51
epoch  17/100 | train 0.001584 | val 0.001518 | val PSNR 37.45 *
epoch  18/100 | train 0.001495 | val 0.001424 | val PSNR 37.94 *
epoch  19/100 | train 0.001516 | val 0.001503 | val PSNR 37.72
epoch  20/100 | train 0.001417 | val 0.001336 | val PSNR 38.28 *
epoch  21/100 | train 0.001444 | val 0.001381 | val PSNR 37.98
epoch  22/100 | train 0.001426 | val 0.001401 | val PSNR 37.90
epoch  23/100 | train 0.001386 | val 0.001283 | val PSNR 38.48 *
