nohup: ignoring input
sweep: configs/experiments/comparison_baseline_tv.yaml
base: configs/default.yaml | runs: 9 | already complete: 55
results csv: ./results/runs.csv

[1/9] SKIP  comparison_b19aadf894  mask.sampling_ratio=0.2, train.seed=0
[2/9] SKIP  comparison_c2b43bd547  mask.sampling_ratio=0.2, train.seed=1
[3/9] SKIP  comparison_b0fc577803  mask.sampling_ratio=0.2, train.seed=2
[4/9] SKIP  comparison_eed6d82908  mask.sampling_ratio=0.3, train.seed=0
[5/9] SKIP  comparison_f64a2f55c9  mask.sampling_ratio=0.3, train.seed=1
[6/9] SKIP  comparison_1fd7690ad9  mask.sampling_ratio=0.3, train.seed=2
[7/9] SKIP  comparison_f10077b0f5  mask.sampling_ratio=0.5, train.seed=0
[8/9] SKIP  comparison_4677c83618  mask.sampling_ratio=0.5, train.seed=1
[9/9] SKIP  comparison_f864e7e8d6  mask.sampling_ratio=0.5, train.seed=2

sweep done | ran=0 skipped=9 failed=0
sweep: configs/experiments/comparison.yaml
base: configs/default.yaml | runs: 18 | already complete: 55
results csv: ./results/runs.csv

[1/18] SKIP  comparison_e47eaa5ca7  model.name=classical_cs, mask.sampling_ratio=0.2, train.seed=0
[2/18] SKIP  comparison_0592bb5ea2  model.name=classical_cs, mask.sampling_ratio=0.2, train.seed=1
[3/18] SKIP  comparison_527bb4969c  model.name=classical_cs, mask.sampling_ratio=0.2, train.seed=2
[4/18] SKIP  comparison_83d27c9d40  model.name=classical_cs, mask.sampling_ratio=0.3, train.seed=0
[5/18] SKIP  comparison_989a25c032  model.name=classical_cs, mask.sampling_ratio=0.3, train.seed=1
[6/18] SKIP  comparison_1f7e28a0dc  model.name=classical_cs, mask.sampling_ratio=0.3, train.seed=2
[7/18] SKIP  comparison_8b0b8940ee  model.name=classical_cs, mask.sampling_ratio=0.5, train.seed=0
[8/18] SKIP  comparison_a60e640606  model.name=classical_cs, mask.sampling_ratio=0.5, train.seed=1
[9/18] SKIP  comparison_383ceed434  model.name=classical_cs, mask.sampling_ratio=0.5, train.seed=2
[10/18] SKIP  comparison_790999b44d  model.name=admmnet_softthresh, mask.sampling_ratio=0.2, train.seed=0
[11/18] SKIP  comparison_c6bc24792b  model.name=admmnet_softthresh, mask.sampling_ratio=0.2, train.seed=1
[12/18] SKIP  comparison_cb20c704ac  model.name=admmnet_softthresh, mask.sampling_ratio=0.2, train.seed=2
[13/18] SKIP  comparison_d347ec7a7f  model.name=admmnet_softthresh, mask.sampling_ratio=0.3, train.seed=0
[14/18] SKIP  comparison_fa179015cb  model.name=admmnet_softthresh, mask.sampling_ratio=0.3, train.seed=1
[15/18] SKIP  comparison_dec76c84c7  model.name=admmnet_softthresh, mask.sampling_ratio=0.3, train.seed=2
[16/18] SKIP  comparison_e7a0b627da  model.name=admmnet_softthresh, mask.sampling_ratio=0.5, train.seed=0
[17/18] SKIP  comparison_7e02f8e7e0  model.name=admmnet_softthresh, mask.sampling_ratio=0.5, train.seed=1
[18/18] SKIP  comparison_610cf68383  model.name=admmnet_softthresh, mask.sampling_ratio=0.5, train.seed=2

sweep done | ran=0 skipped=18 failed=0
sweep: configs/experiments/unet_reference.yaml
base: configs/default.yaml | runs: 3 | already complete: 55
results csv: ./results/runs.csv

[1/3] SKIP  unet_reference_e4bbc308db  mask.sampling_ratio=0.2, train.seed=0
[2/3] SKIP  unet_reference_e0ade9aac3  mask.sampling_ratio=0.3, train.seed=0
[3/3] SKIP  unet_reference_b74866e348  mask.sampling_ratio=0.5, train.seed=0

sweep done | ran=0 skipped=3 failed=0

./results/comparison_610cf68383/best.pth
Traceback (most recent call last):
  File "/usr/lib/python3.10/runpy.py", line 196, in _run_module_as_main
    return _run_code(code, main_globals, None,
  File "/usr/lib/python3.10/runpy.py", line 86, in _run_code
    exec(code, run_globals)
  File "/truenas/home/yechezmi/MRI/src/eval_crossmask.py", line 170, in <module>
    main()
  File "/truenas/home/yechezmi/MRI/src/eval_crossmask.py", line 160, in main
    rows += evaluate_under_masks(path, args.mask_seeds,
  File "/usr/local/lib/python3.10/dist-packages/torch/utils/_contextlib.py", line 115, in decorate_context
    return func(*args, **kwargs)
  File "/truenas/home/yechezmi/MRI/src/eval_crossmask.py", line 71, in evaluate_under_masks
    model = build_model(cfg, device)
  File "/truenas/home/yechezmi/MRI/src/engine.py", line 37, in build_model
    return MODEL_REGISTRY.build(name, **mcfg).to(device)
  File "/truenas/home/yechezmi/MRI/src/registry.py", line 46, in build
    return self.get(name)(**kwargs)
  File "/truenas/home/yechezmi/MRI/src/registry.py", line 39, in get
    raise KeyError(
KeyError: "unknown model 'admmnet_softthresh'. Available: <none>"
