nohup: ignoring input
/truenas/home/yechezmi/MRI/src/dataset.py:145: UserWarning: ignoring empty (0-byte) file during discovery: /truenas/home/yechezmi/data/selected_npy/3411.npy
  warnings.warn(f"ignoring empty (0-byte) file during discovery: {full}")
/truenas/home/yechezmi/MRI/src/dataset.py:145: UserWarning: ignoring empty (0-byte) file during discovery: /truenas/home/yechezmi/data/selected_npy/A00038718.npy
  warnings.warn(f"ignoring empty (0-byte) file during discovery: {full}")
/truenas/home/yechezmi/MRI/src/dataset.py:145: UserWarning: ignoring empty (0-byte) file during discovery: /truenas/home/yechezmi/data/selected_npy/CorrSWU_25858.npy
  warnings.warn(f"ignoring empty (0-byte) file during discovery: {full}")
/truenas/home/yechezmi/MRI/src/dataset.py:145: UserWarning: ignoring empty (0-byte) file during discovery: /truenas/home/yechezmi/data/selected_npy/CorrUM_26183.npy
  warnings.warn(f"ignoring empty (0-byte) file during discovery: {full}")
/truenas/home/yechezmi/MRI/src/dataset.py:145: UserWarning: ignoring empty (0-byte) file during discovery: /truenas/home/yechezmi/data/selected_npy/NDARBV630BK6.npy
  warnings.warn(f"ignoring empty (0-byte) file during discovery: {full}")
/truenas/home/yechezmi/MRI/src/dataset.py:145: UserWarning: ignoring empty (0-byte) file during discovery: /truenas/home/yechezmi/data/selected_npy/sub84845.npy
  warnings.warn(f"ignoring empty (0-byte) file during discovery: {full}")
/truenas/home/yechezmi/MRI/src/dataset.py:229: UserWarning: cross-reference dropped 247/5242 metadata rows with no matching .npy on disk (expected, per the professor's update).
  warnings.warn(
/truenas/home/yechezmi/MRI/src/dataset.py:145: UserWarning: ignoring empty (0-byte) file during discovery: /truenas/home/yechezmi/data/selected_npy/3411.npy
  warnings.warn(f"ignoring empty (0-byte) file during discovery: {full}")
/truenas/home/yechezmi/MRI/src/dataset.py:145: UserWarning: ignoring empty (0-byte) file during discovery: /truenas/home/yechezmi/data/selected_npy/A00038718.npy
  warnings.warn(f"ignoring empty (0-byte) file during discovery: {full}")
/truenas/home/yechezmi/MRI/src/dataset.py:145: UserWarning: ignoring empty (0-byte) file during discovery: /truenas/home/yechezmi/data/selected_npy/CorrSWU_25858.npy
  warnings.warn(f"ignoring empty (0-byte) file during discovery: {full}")
/truenas/home/yechezmi/MRI/src/dataset.py:145: UserWarning: ignoring empty (0-byte) file during discovery: /truenas/home/yechezmi/data/selected_npy/CorrUM_26183.npy
  warnings.warn(f"ignoring empty (0-byte) file during discovery: {full}")
/truenas/home/yechezmi/MRI/src/dataset.py:145: UserWarning: ignoring empty (0-byte) file during discovery: /truenas/home/yechezmi/data/selected_npy/NDARBV630BK6.npy
  warnings.warn(f"ignoring empty (0-byte) file during discovery: {full}")
/truenas/home/yechezmi/MRI/src/dataset.py:145: UserWarning: ignoring empty (0-byte) file during discovery: /truenas/home/yechezmi/data/selected_npy/sub84845.npy
  warnings.warn(f"ignoring empty (0-byte) file during discovery: {full}")
/truenas/home/yechezmi/MRI/src/dataset.py:229: UserWarning: cross-reference dropped 247/5242 metadata rows with no matching .npy on disk (expected, per the professor's update).
  warnings.warn(
sweep: configs/experiments/comparison.yaml
base: configs/default.yaml | runs: 18 | already complete: 14
results csv: ./results/runs.csv

[1/18] SKIP  comparison_e47eaa5ca7  model.name=classical_cs, mask.sampling_ratio=0.2, train.seed=0
[2/18] SKIP  comparison_0592bb5ea2  model.name=classical_cs, mask.sampling_ratio=0.2, train.seed=1
[3/18] SKIP  comparison_527bb4969c  model.name=classical_cs, mask.sampling_ratio=0.2, train.seed=2
[4/18] SKIP  comparison_83d27c9d40  model.name=classical_cs, mask.sampling_ratio=0.3, train.seed=0
[5/18] SKIP  comparison_989a25c032  model.name=classical_cs, mask.sampling_ratio=0.3, train.seed=1
[6/18] SKIP  comparison_1f7e28a0dc  model.name=classical_cs, mask.sampling_ratio=0.3, train.seed=2
[7/18] SKIP  comparison_8b0b8940ee  model.name=classical_cs, mask.sampling_ratio=0.5, train.seed=0
[8/18] SKIP  comparison_a60e640606  model.name=classical_cs, mask.sampling_ratio=0.5, train.seed=1
[9/18] SKIP  comparison_383ceed434  model.name=classical_cs, mask.sampling_ratio=0.5, train.seed=2
[10/18] SKIP  comparison_790999b44d  model.name=admmnet_softthresh, mask.sampling_ratio=0.2, train.seed=0
[11/18] SKIP  comparison_c6bc24792b  model.name=admmnet_softthresh, mask.sampling_ratio=0.2, train.seed=1
[12/18] SKIP  comparison_cb20c704ac  model.name=admmnet_softthresh, mask.sampling_ratio=0.2, train.seed=2
[13/18] SKIP  comparison_d347ec7a7f  model.name=admmnet_softthresh, mask.sampling_ratio=0.3, train.seed=0
[14/18] SKIP  comparison_fa179015cb  model.name=admmnet_softthresh, mask.sampling_ratio=0.3, train.seed=1
[15/18] RUN   comparison_dec76c84c7  model.name=admmnet_softthresh, mask.sampling_ratio=0.3, train.seed=2
run_id=comparison_dec76c84c7 | device=cuda | params=317,320 | trainable=True | sampling=29.7%
resuming from epoch 2/40 (best_val=0.015851)
epoch   2/40 | train 0.027551 | val 0.012933 | val PSNR 25.70 *
epoch   3/40 | train 0.009224 | val 0.007862 | val PSNR 28.00 *
epoch   4/40 | train 0.006359 | val 0.005244 | val PSNR 30.18 *
epoch   5/40 | train 0.005181 | val 0.004549 | val PSNR 30.91 *
epoch   6/40 | train 0.004471 | val 0.005043 | val PSNR 30.10
epoch   7/40 | train 0.004450 | val 0.003942 | val PSNR 31.65 *
epoch   8/40 | train 0.004582 | val 0.003865 | val PSNR 31.77 *
epoch   9/40 | train 0.003686 | val 0.003886 | val PSNR 31.76
epoch  10/40 | train 0.008582 | val 0.005157 | val PSNR 30.83
epoch  11/40 | train 0.004637 | val 0.004859 | val PSNR 30.68
epoch  12/40 | train 0.004043 | val 0.005093 | val PSNR 30.90
epoch  13/40 | train 0.003741 | val 0.003475 | val PSNR 32.47 *
epoch  14/40 | train 0.003341 | val 0.003610 | val PSNR 32.04
epoch  15/40 | train 0.003124 | val 0.003827 | val PSNR 31.67
epoch  16/40 | train 0.003919 | val 0.003529 | val PSNR 32.58
epoch  17/40 | train 0.003356 | val 0.004069 | val PSNR 31.73
epoch  18/40 | train 0.003104 | val 0.004126 | val PSNR 31.23
epoch  19/40 | train 0.003053 | val 0.002900 | val PSNR 33.51 *
epoch  20/40 | train 0.002760 | val 0.003741 | val PSNR 31.78
epoch  21/40 | train 0.002696 | val 0.002746 | val PSNR 33.72 *
epoch  22/40 | train 0.002581 | val 0.002558 | val PSNR 34.16 *
epoch  23/40 | train 0.003534 | val 0.003740 | val PSNR 32.14
epoch  24/40 | train 0.002976 | val 0.003382 | val PSNR 32.70
epoch  25/40 | train 0.003405 | val 0.002826 | val PSNR 33.72
epoch  26/40 | train 0.002689 | val 0.003038 | val PSNR 33.13
epoch  27/40 | train 0.004134 | val 0.003677 | val PSNR 32.08
epoch  28/40 | train 0.002727 | val 0.002747 | val PSNR 33.80
epoch  29/40 | train 0.002640 | val 0.002575 | val PSNR 34.17
epoch  30/40 | train 0.002484 | val 0.002665 | val PSNR 33.97
epoch  31/40 | train 0.002393 | val 0.002477 | val PSNR 34.39 *
epoch  32/40 | train 0.002328 | val 0.003004 | val PSNR 32.90
epoch  33/40 | train 0.003328 | val 0.002614 | val PSNR 34.33
epoch  34/40 | train 0.002411 | val 0.002552 | val PSNR 34.15
epoch  35/40 | train 0.002532 | val 0.003172 | val PSNR 32.86
epoch  36/40 | train 0.002331 | val 0.002267 | val PSNR 34.84 *
epoch  37/40 | train 0.002236 | val 0.002352 | val PSNR 34.61
epoch  38/40 | train 0.002184 | val 0.002266 | val PSNR 34.80 *
epoch  39/40 | train 0.002385 | val 0.004012 | val PSNR 32.26
epoch  40/40 | train 0.002518 | val 0.003098 | val PSNR 32.80
/truenas/home/yechezmi/MRI/src/dataset.py:145: UserWarning: ignoring empty (0-byte) file during discovery: /truenas/home/yechezmi/data/selected_npy/3411.npy
  warnings.warn(f"ignoring empty (0-byte) file during discovery: {full}")
/truenas/home/yechezmi/MRI/src/dataset.py:145: UserWarning: ignoring empty (0-byte) file during discovery: /truenas/home/yechezmi/data/selected_npy/A00038718.npy
  warnings.warn(f"ignoring empty (0-byte) file during discovery: {full}")
/truenas/home/yechezmi/MRI/src/dataset.py:145: UserWarning: ignoring empty (0-byte) file during discovery: /truenas/home/yechezmi/data/selected_npy/CorrSWU_25858.npy
  warnings.warn(f"ignoring empty (0-byte) file during discovery: {full}")
/truenas/home/yechezmi/MRI/src/dataset.py:145: UserWarning: ignoring empty (0-byte) file during discovery: /truenas/home/yechezmi/data/selected_npy/CorrUM_26183.npy
  warnings.warn(f"ignoring empty (0-byte) file during discovery: {full}")
/truenas/home/yechezmi/MRI/src/dataset.py:145: UserWarning: ignoring empty (0-byte) file during discovery: /truenas/home/yechezmi/data/selected_npy/NDARBV630BK6.npy
  warnings.warn(f"ignoring empty (0-byte) file during discovery: {full}")
/truenas/home/yechezmi/MRI/src/dataset.py:145: UserWarning: ignoring empty (0-byte) file during discovery: /truenas/home/yechezmi/data/selected_npy/sub84845.npy
  warnings.warn(f"ignoring empty (0-byte) file during discovery: {full}")
/truenas/home/yechezmi/MRI/src/dataset.py:229: UserWarning: cross-reference dropped 247/5242 metadata rows with no matching .npy on disk (expected, per the professor's update).
  warnings.warn(
/truenas/home/yechezmi/MRI/src/dataset.py:145: UserWarning: ignoring empty (0-byte) file during discovery: /truenas/home/yechezmi/data/selected_npy/3411.npy
  warnings.warn(f"ignoring empty (0-byte) file during discovery: {full}")
/truenas/home/yechezmi/MRI/src/dataset.py:145: UserWarning: ignoring empty (0-byte) file during discovery: /truenas/home/yechezmi/data/selected_npy/A00038718.npy
  warnings.warn(f"ignoring empty (0-byte) file during discovery: {full}")
/truenas/home/yechezmi/MRI/src/dataset.py:145: UserWarning: ignoring empty (0-byte) file during discovery: /truenas/home/yechezmi/data/selected_npy/CorrSWU_25858.npy
  warnings.warn(f"ignoring empty (0-byte) file during discovery: {full}")
/truenas/home/yechezmi/MRI/src/dataset.py:145: UserWarning: ignoring empty (0-byte) file during discovery: /truenas/home/yechezmi/data/selected_npy/CorrUM_26183.npy
  warnings.warn(f"ignoring empty (0-byte) file during discovery: {full}")
/truenas/home/yechezmi/MRI/src/dataset.py:145: UserWarning: ignoring empty (0-byte) file during discovery: /truenas/home/yechezmi/data/selected_npy/NDARBV630BK6.npy
  warnings.warn(f"ignoring empty (0-byte) file during discovery: {full}")
/truenas/home/yechezmi/MRI/src/dataset.py:145: UserWarning: ignoring empty (0-byte) file during discovery: /truenas/home/yechezmi/data/selected_npy/sub84845.npy
  warnings.warn(f"ignoring empty (0-byte) file during discovery: {full}")
/truenas/home/yechezmi/MRI/src/dataset.py:229: UserWarning: cross-reference dropped 247/5242 metadata rows with no matching .npy on disk (expected, per the professor's update).
  warnings.warn(
DONE | test PSNR(real) 34.84 (zero-filled 20.32) | results -> ./results/comparison_dec76c84c7
[16/18] RUN   comparison_e7a0b627da  model.name=admmnet_softthresh, mask.sampling_ratio=0.5, train.seed=0
run_id=comparison_e7a0b627da | device=cuda | params=317,320 | trainable=True | sampling=50.0%
epoch   1/40 | train 0.253904 | val 0.014430 | val PSNR 28.96 *
epoch   2/40 | train 0.008283 | val 0.007771 | val PSNR 30.45 *
epoch   3/40 | train 0.005924 | val 0.003608 | val PSNR 34.51 *
epoch   4/40 | train 0.003132 | val 0.002631 | val PSNR 35.88 *
epoch   5/40 | train 0.002897 | val 0.002221 | val PSNR 37.06 *
epoch   6/40 | train 0.002664 | val 0.003775 | val PSNR 34.14
epoch   7/40 | train 0.004645 | val 0.002567 | val PSNR 35.69
epoch   8/40 | train 0.002340 | val 0.001865 | val PSNR 37.60 *
epoch   9/40 | train 0.002850 | val 0.002476 | val PSNR 35.82
epoch  10/40 | train 0.002252 | val 0.001964 | val PSNR 37.19
epoch  11/40 | train 0.001850 | val 0.001482 | val PSNR 39.23 *
epoch  12/40 | train 0.001529 | val 0.001247 | val PSNR 40.45 *
epoch  13/40 | train 0.001323 | val 0.001153 | val PSNR 40.85 *
epoch  14/40 | train 0.001194 | val 0.001073 | val PSNR 41.51 *
epoch  15/40 | train 0.001103 | val 0.001091 | val PSNR 41.28
epoch  16/40 | train 0.001030 | val 0.000875 | val PSNR 42.88 *
epoch  17/40 | train 0.000961 | val 0.000896 | val PSNR 42.91
epoch  18/40 | train 0.000890 | val 0.000835 | val PSNR 43.16 *
epoch  19/40 | train 0.000854 | val 0.000795 | val PSNR 43.58 *
epoch  20/40 | train 0.000814 | val 0.000745 | val PSNR 44.05 *
epoch  21/40 | train 0.000789 | val 0.000733 | val PSNR 44.03 *
epoch  22/40 | train 0.000765 | val 0.000805 | val PSNR 43.29
epoch  23/40 | train 0.000750 | val 0.000663 | val PSNR 44.94 *
epoch  24/40 | train 0.000699 | val 0.000740 | val PSNR 43.91
epoch  25/40 | train 0.000756 | val 0.000666 | val PSNR 44.76
epoch  26/40 | train 0.000669 | val 0.000656 | val PSNR 44.90 *
epoch  27/40 | train 0.000665 | val 0.000644 | val PSNR 44.95 *
epoch  28/40 | train 0.000655 | val 0.000619 | val PSNR 45.29 *
epoch  29/40 | train 0.000649 | val 0.000692 | val PSNR 44.19
epoch  30/40 | train 0.000676 | val 0.000614 | val PSNR 45.28 *
epoch  31/40 | train 0.000634 | val 0.000575 | val PSNR 45.69 *
epoch  32/40 | train 0.000615 | val 0.000642 | val PSNR 44.92
epoch  33/40 | train 0.000635 | val 0.000571 | val PSNR 45.75 *
epoch  34/40 | train 0.000598 | val 0.000696 | val PSNR 44.13
epoch  35/40 | train 0.000601 | val 0.000730 | val PSNR 43.85
epoch  36/40 | train 0.000596 | val 0.000637 | val PSNR 44.92
epoch  37/40 | train 0.000588 | val 0.000613 | val PSNR 45.14
epoch  38/40 | train 0.000572 | val 0.000543 | val PSNR 46.13 *
epoch  39/40 | train 0.000581 | val 0.000831 | val PSNR 42.79
epoch  40/40 | train 0.000577 | val 0.000563 | val PSNR 45.75
/truenas/home/yechezmi/MRI/src/dataset.py:145: UserWarning: ignoring empty (0-byte) file during discovery: /truenas/home/yechezmi/data/selected_npy/3411.npy
  warnings.warn(f"ignoring empty (0-byte) file during discovery: {full}")
/truenas/home/yechezmi/MRI/src/dataset.py:145: UserWarning: ignoring empty (0-byte) file during discovery: /truenas/home/yechezmi/data/selected_npy/A00038718.npy
  warnings.warn(f"ignoring empty (0-byte) file during discovery: {full}")
/truenas/home/yechezmi/MRI/src/dataset.py:145: UserWarning: ignoring empty (0-byte) file during discovery: /truenas/home/yechezmi/data/selected_npy/CorrSWU_25858.npy
  warnings.warn(f"ignoring empty (0-byte) file during discovery: {full}")
/truenas/home/yechezmi/MRI/src/dataset.py:145: UserWarning: ignoring empty (0-byte) file during discovery: /truenas/home/yechezmi/data/selected_npy/CorrUM_26183.npy
  warnings.warn(f"ignoring empty (0-byte) file during discovery: {full}")
/truenas/home/yechezmi/MRI/src/dataset.py:145: UserWarning: ignoring empty (0-byte) file during discovery: /truenas/home/yechezmi/data/selected_npy/NDARBV630BK6.npy
  warnings.warn(f"ignoring empty (0-byte) file during discovery: {full}")
/truenas/home/yechezmi/MRI/src/dataset.py:145: UserWarning: ignoring empty (0-byte) file during discovery: /truenas/home/yechezmi/data/selected_npy/sub84845.npy
  warnings.warn(f"ignoring empty (0-byte) file during discovery: {full}")
/truenas/home/yechezmi/MRI/src/dataset.py:229: UserWarning: cross-reference dropped 247/5242 metadata rows with no matching .npy on disk (expected, per the professor's update).
  warnings.warn(
/truenas/home/yechezmi/MRI/src/dataset.py:145: UserWarning: ignoring empty (0-byte) file during discovery: /truenas/home/yechezmi/data/selected_npy/3411.npy
  warnings.warn(f"ignoring empty (0-byte) file during discovery: {full}")
/truenas/home/yechezmi/MRI/src/dataset.py:145: UserWarning: ignoring empty (0-byte) file during discovery: /truenas/home/yechezmi/data/selected_npy/A00038718.npy
  warnings.warn(f"ignoring empty (0-byte) file during discovery: {full}")
/truenas/home/yechezmi/MRI/src/dataset.py:145: UserWarning: ignoring empty (0-byte) file during discovery: /truenas/home/yechezmi/data/selected_npy/CorrSWU_25858.npy
  warnings.warn(f"ignoring empty (0-byte) file during discovery: {full}")
/truenas/home/yechezmi/MRI/src/dataset.py:145: UserWarning: ignoring empty (0-byte) file during discovery: /truenas/home/yechezmi/data/selected_npy/CorrUM_26183.npy
  warnings.warn(f"ignoring empty (0-byte) file during discovery: {full}")
/truenas/home/yechezmi/MRI/src/dataset.py:145: UserWarning: ignoring empty (0-byte) file during discovery: /truenas/home/yechezmi/data/selected_npy/NDARBV630BK6.npy
  warnings.warn(f"ignoring empty (0-byte) file during discovery: {full}")
/truenas/home/yechezmi/MRI/src/dataset.py:145: UserWarning: ignoring empty (0-byte) file during discovery: /truenas/home/yechezmi/data/selected_npy/sub84845.npy
  warnings.warn(f"ignoring empty (0-byte) file during discovery: {full}")
/truenas/home/yechezmi/MRI/src/dataset.py:229: UserWarning: cross-reference dropped 247/5242 metadata rows with no matching .npy on disk (expected, per the professor's update).
  warnings.warn(
DONE | test PSNR(real) 46.23 (zero-filled 22.37) | results -> ./results/comparison_e7a0b627da
[17/18] RUN   comparison_7e02f8e7e0  model.name=admmnet_softthresh, mask.sampling_ratio=0.5, train.seed=1
run_id=comparison_7e02f8e7e0 | device=cuda | params=317,320 | trainable=True | sampling=50.0%
epoch   1/40 | train 0.031021 | val 0.007307 | val PSNR 31.60 *
epoch   2/40 | train 0.004584 | val 0.003701 | val PSNR 35.92 *
epoch   3/40 | train 0.002575 | val 0.002255 | val PSNR 37.89 *
epoch   4/40 | train 0.001950 | val 0.001921 | val PSNR 38.95 *
epoch   5/40 | train 0.001328 | val 0.001233 | val PSNR 41.43 *
epoch   6/40 | train 0.001119 | val 0.000995 | val PSNR 42.48 *
epoch   7/40 | train 0.000905 | val 0.000704 | val PSNR 43.98 *
epoch   8/40 | train 0.000817 | val 0.000824 | val PSNR 43.06
epoch   9/40 | train 0.000691 | val 0.000549 | val PSNR 45.22 *
epoch  10/40 | train 0.000633 | val 0.001024 | val PSNR 42.20
epoch  11/40 | train 0.000576 | val 0.000551 | val PSNR 45.11
epoch  12/40 | train 0.000454 | val 0.000404 | val PSNR 46.89 *
epoch  13/40 | train 0.000440 | val 0.000401 | val PSNR 46.92 *
epoch  14/40 | train 0.000433 | val 0.000459 | val PSNR 46.07
epoch  15/40 | train 0.000404 | val 0.000374 | val PSNR 47.24 *
epoch  16/40 | train 0.000389 | val 0.000390 | val PSNR 47.14
epoch  17/40 | train 0.000429 | val 0.000396 | val PSNR 46.84
epoch  18/40 | train 0.000345 | val 0.000476 | val PSNR 45.39
epoch  19/40 | train 0.000320 | val 0.000293 | val PSNR 48.52 *
epoch  20/40 | train 0.000326 | val 0.000350 | val PSNR 47.53
epoch  21/40 | train 0.000299 | val 0.000290 | val PSNR 48.60 *
epoch  22/40 | train 0.000281 | val 0.000323 | val PSNR 47.95
epoch  23/40 | train 0.000297 | val 0.000278 | val PSNR 48.85 *
epoch  24/40 | train 0.000267 | val 0.000284 | val PSNR 48.71
epoch  25/40 | train 0.000271 | val 0.000303 | val PSNR 48.39
epoch  26/40 | train 0.000262 | val 0.000261 | val PSNR 49.26 *
epoch  27/40 | train 0.000283 | val 0.000321 | val PSNR 48.04
epoch  28/40 | train 0.000265 | val 0.000263 | val PSNR 49.17
epoch  29/40 | train 0.000248 | val 0.000250 | val PSNR 49.39 *
epoch  30/40 | train 0.000255 | val 0.000266 | val PSNR 49.12
epoch  31/40 | train 0.000244 | val 0.000234 | val PSNR 49.80 *
epoch  32/40 | train 0.000239 | val 0.000239 | val PSNR 49.71
epoch  33/40 | train 0.000235 | val 0.000265 | val PSNR 49.29
epoch  34/40 | train 0.000229 | val 0.000228 | val PSNR 49.97 *
epoch  35/40 | train 0.000236 | val 0.000245 | val PSNR 49.66
epoch  36/40 | train 0.000225 | val 0.000230 | val PSNR 49.97
epoch  37/40 | train 0.000224 | val 0.000229 | val PSNR 49.98
epoch  38/40 | train 0.000222 | val 0.000232 | val PSNR 49.87
epoch  39/40 | train 0.000221 | val 0.000241 | val PSNR 49.75
epoch  40/40 | train 0.000216 | val 0.000218 | val PSNR 50.22 *
/truenas/home/yechezmi/MRI/src/dataset.py:145: UserWarning: ignoring empty (0-byte) file during discovery: /truenas/home/yechezmi/data/selected_npy/3411.npy
  warnings.warn(f"ignoring empty (0-byte) file during discovery: {full}")
/truenas/home/yechezmi/MRI/src/dataset.py:145: UserWarning: ignoring empty (0-byte) file during discovery: /truenas/home/yechezmi/data/selected_npy/A00038718.npy
  warnings.warn(f"ignoring empty (0-byte) file during discovery: {full}")
/truenas/home/yechezmi/MRI/src/dataset.py:145: UserWarning: ignoring empty (0-byte) file during discovery: /truenas/home/yechezmi/data/selected_npy/CorrSWU_25858.npy
  warnings.warn(f"ignoring empty (0-byte) file during discovery: {full}")
/truenas/home/yechezmi/MRI/src/dataset.py:145: UserWarning: ignoring empty (0-byte) file during discovery: /truenas/home/yechezmi/data/selected_npy/CorrUM_26183.npy
  warnings.warn(f"ignoring empty (0-byte) file during discovery: {full}")
/truenas/home/yechezmi/MRI/src/dataset.py:145: UserWarning: ignoring empty (0-byte) file during discovery: /truenas/home/yechezmi/data/selected_npy/NDARBV630BK6.npy
  warnings.warn(f"ignoring empty (0-byte) file during discovery: {full}")
/truenas/home/yechezmi/MRI/src/dataset.py:145: UserWarning: ignoring empty (0-byte) file during discovery: /truenas/home/yechezmi/data/selected_npy/sub84845.npy
  warnings.warn(f"ignoring empty (0-byte) file during discovery: {full}")
/truenas/home/yechezmi/MRI/src/dataset.py:229: UserWarning: cross-reference dropped 247/5242 metadata rows with no matching .npy on disk (expected, per the professor's update).
  warnings.warn(
/truenas/home/yechezmi/MRI/src/dataset.py:145: UserWarning: ignoring empty (0-byte) file during discovery: /truenas/home/yechezmi/data/selected_npy/3411.npy
  warnings.warn(f"ignoring empty (0-byte) file during discovery: {full}")
/truenas/home/yechezmi/MRI/src/dataset.py:145: UserWarning: ignoring empty (0-byte) file during discovery: /truenas/home/yechezmi/data/selected_npy/A00038718.npy
  warnings.warn(f"ignoring empty (0-byte) file during discovery: {full}")
/truenas/home/yechezmi/MRI/src/dataset.py:145: UserWarning: ignoring empty (0-byte) file during discovery: /truenas/home/yechezmi/data/selected_npy/CorrSWU_25858.npy
  warnings.warn(f"ignoring empty (0-byte) file during discovery: {full}")
/truenas/home/yechezmi/MRI/src/dataset.py:145: UserWarning: ignoring empty (0-byte) file during discovery: /truenas/home/yechezmi/data/selected_npy/CorrUM_26183.npy
  warnings.warn(f"ignoring empty (0-byte) file during discovery: {full}")
/truenas/home/yechezmi/MRI/src/dataset.py:145: UserWarning: ignoring empty (0-byte) file during discovery: /truenas/home/yechezmi/data/selected_npy/NDARBV630BK6.npy
  warnings.warn(f"ignoring empty (0-byte) file during discovery: {full}")
/truenas/home/yechezmi/MRI/src/dataset.py:145: UserWarning: ignoring empty (0-byte) file during discovery: /truenas/home/yechezmi/data/selected_npy/sub84845.npy
  warnings.warn(f"ignoring empty (0-byte) file during discovery: {full}")
/truenas/home/yechezmi/MRI/src/dataset.py:229: UserWarning: cross-reference dropped 247/5242 metadata rows with no matching .npy on disk (expected, per the professor's update).
  warnings.warn(
DONE | test PSNR(real) 50.31 (zero-filled 33.39) | results -> ./results/comparison_7e02f8e7e0
[18/18] RUN   comparison_610cf68383  model.name=admmnet_softthresh, mask.sampling_ratio=0.5, train.seed=2
run_id=comparison_610cf68383 | device=cuda | params=317,320 | trainable=True | sampling=50.0%
epoch   1/40 | train 0.212871 | val 0.006078 | val PSNR 32.58 *
epoch   2/40 | train 0.007993 | val 0.003612 | val PSNR 35.36 *
epoch   3/40 | train 0.003133 | val 0.002717 | val PSNR 36.72 *
epoch   4/40 | train 0.002760 | val 0.002266 | val PSNR 37.87 *
epoch   5/40 | train 0.002224 | val 0.001954 | val PSNR 38.55 *
epoch   6/40 | train 0.001696 | val 0.001287 | val PSNR 41.06 *
epoch   7/40 | train 0.001446 | val 0.001118 | val PSNR 42.03 *
epoch   8/40 | train 0.001307 | val 0.001067 | val PSNR 42.33 *
epoch   9/40 | train 0.001392 | val 0.001304 | val PSNR 41.25
epoch  10/40 | train 0.001261 | val 0.000997 | val PSNR 42.76 *
epoch  11/40 | train 0.001317 | val 0.000981 | val PSNR 42.82 *
epoch  12/40 | train 0.001033 | val 0.000987 | val PSNR 42.93
epoch  13/40 | train 0.000946 | val 0.000870 | val PSNR 43.70 *
epoch  14/40 | train 0.001614 | val 0.001175 | val PSNR 41.99
epoch  15/40 | train 0.001036 | val 0.001120 | val PSNR 41.60
epoch  16/40 | train 0.000874 | val 0.000843 | val PSNR 43.98 *
epoch  17/40 | train 0.000842 | val 0.000844 | val PSNR 44.15
epoch  18/40 | train 0.000782 | val 0.000805 | val PSNR 44.08 *
epoch  19/40 | train 0.000958 | val 0.000942 | val PSNR 43.87
epoch  20/40 | train 0.000786 | val 0.000677 | val PSNR 45.28 *
epoch  21/40 | train 0.000696 | val 0.000876 | val PSNR 43.52
epoch  22/40 | train 0.000660 | val 0.000643 | val PSNR 46.03 *
epoch  23/40 | train 0.000642 | val 0.000559 | val PSNR 46.52 *
epoch  24/40 | train 0.000634 | val 0.000566 | val PSNR 46.35
epoch  25/40 | train 0.000600 | val 0.000519 | val PSNR 46.89 *
epoch  26/40 | train 0.000575 | val 0.000622 | val PSNR 45.97
epoch  27/40 | train 0.000578 | val 0.000663 | val PSNR 45.21
epoch  28/40 | train 0.000552 | val 0.000513 | val PSNR 47.02 *
epoch  29/40 | train 0.000542 | val 0.000530 | val PSNR 46.97
epoch  30/40 | train 0.000625 | val 0.000561 | val PSNR 46.82
epoch  31/40 | train 0.000528 | val 0.000477 | val PSNR 47.60 *
epoch  32/40 | train 0.000504 | val 0.000488 | val PSNR 47.40
epoch  33/40 | train 0.000502 | val 0.000527 | val PSNR 46.62
epoch  34/40 | train 0.000483 | val 0.000476 | val PSNR 47.33 *
epoch  35/40 | train 0.000488 | val 0.000469 | val PSNR 47.54 *
epoch  36/40 | train 0.000468 | val 0.000565 | val PSNR 46.50
epoch  37/40 | train 0.000483 | val 0.000457 | val PSNR 47.61 *
epoch  38/40 | train 0.000465 | val 0.000447 | val PSNR 47.72 *
epoch  39/40 | train 0.000448 | val 0.000468 | val PSNR 47.64
epoch  40/40 | train 0.000543 | val 0.000580 | val PSNR 46.28
DONE | test PSNR(real) 47.88 (zero-filled 22.54) | results -> ./results/comparison_610cf68383

sweep done | ran=4 skipped=14 failed=0
